{"candidate": 0, "labels": ["h6.a", "h6.b"], "roots": true, "keep6": false, "anchors": 4, "resource_bound": 899, "weighted_alu_valu": 53825}
{"candidate": 1, "labels": ["h6.a", "h6.b"], "roots": true, "keep6": false, "anchors": 12, "resource_bound": 899, "weighted_alu_valu": 53817}
{"candidate": 2, "labels": ["h6.a", "h6.b"], "roots": true, "keep6": true, "anchors": 4, "resource_bound": 899, "weighted_alu_valu": 53825}
{"candidate": 3, "labels": ["h6.a", "h6.b"], "roots": true, "keep6": true, "anchors": 12, "resource_bound": 899, "weighted_alu_valu": 53817}
{"candidate": 4, "labels": ["h6.a", "h6.b"], "roots": true, "keep6": true, "anchors": 16, "resource_bound": 899, "weighted_alu_valu": 53813}
{"candidate": 5, "labels": ["h6.a", "h6.b"], "roots": false, "keep6": false, "anchors": 12, "resource_bound": 899, "weighted_alu_valu": 53825}
{"candidate": 6, "labels": ["h6.a", "h6.b"], "roots": false, "keep6": true, "anchors": 12, "resource_bound": 899, "weighted_alu_valu": 53825}
{"candidate": 7, "labels": ["h6.a"], "roots": true, "keep6": false, "anchors": 12, "resource_bound": 899, "weighted_alu_valu": 53825}
{"candidate": 8, "labels": ["h6.a"], "roots": true, "keep6": true, "anchors": 12, "resource_bound": 899, "weighted_alu_valu": 53825}
{"candidate": 9, "labels": [], "roots": true, "keep6": false, "anchors": 12, "resource_bound": 899, "weighted_alu_valu": 53825}
{"candidate": 10, "labels": [], "roots": true, "keep6": true, "anchors": 12, "resource_bound": 899, "weighted_alu_valu": 53825}
{"candidate": 1, "trial": 0, "cycles": 977, "static_bundles": 11910, "scratch_words": 1536, "allocation_policy": "lanes-3", "lane_live_peak": 1417, "engines": {"valu": 5382, "load": 1793, "alu": 10761, "store": 998, "flow": 874}, "weighted_alu_valu": 53817, "bound": 897, "arithmetic_bound": 897, "table_bundles": 11264, "table_case_bundles": 10368, "static_padding_bundles": 909, "regions": 43, "values": 8458}
{"candidate": 0, "trial": 0, "cycles": 980, "static_bundles": 11913, "scratch_words": 1536, "allocation_policy": "lanes-3", "lane_live_peak": 1438, "engines": {"valu": 5383, "load": 1785, "alu": 10761, "store": 998, "flow": 874}, "weighted_alu_valu": 53825, "bound": 898, "arithmetic_bound": 898, "table_bundles": 11264, "table_case_bundles": 10368, "static_padding_bundles": 909, "regions": 43, "values": 8458}
{"candidate": 1, "trial": 3, "cycles": 976, "static_bundles": 11909, "scratch_words": 1536, "allocation_policy": "lanes-3", "lane_live_peak": 1428, "engines": {"valu": 5382, "load": 1793, "alu": 10761, "store": 998, "flow": 874}, "weighted_alu_valu": 53817, "bound": 897, "arithmetic_bound": 897, "table_bundles": 11264, "table_case_bundles": 10368, "static_padding_bundles": 909, "regions": 43, "values": 8458}
{"candidate": 0, "trial": 3, "cycles": 975, "static_bundles": 11908, "scratch_words": 1536, "allocation_policy": "lanes-3", "lane_live_peak": 1453, "engines": {"valu": 5383, "load": 1785, "alu": 10761, "store": 998, "flow": 874}, "weighted_alu_valu": 53825, "bound": 898, "arithmetic_bound": 898, "table_bundles": 11264, "table_case_bundles": 10368, "static_padding_bundles": 909, "regions": 43, "values": 8458}
{"candidate": 1, "trial": 5, "cycles": 973, "static_bundles": 11906, "scratch_words": 1536, "allocation_policy": "lanes-3", "lane_live_peak": 1403, "engines": {"valu": 5382, "load": 1793, "alu": 10761, "store": 998, "flow": 874}, "weighted_alu_valu": 53817, "bound": 897, "arithmetic_bound": 897, "table_bundles": 11264, "table_case_bundles": 10368, "static_padding_bundles": 909, "regions": 43, "values": 8458}
{"candidate": 1, "trial": 29, "cycles": 970, "static_bundles": 11903, "scratch_words": 1536, "allocation_policy": "lanes-3", "lane_live_peak": 1494, "engines": {"valu": 5382, "load": 1793, "alu": 10761, "store": 998, "flow": 874}, "weighted_alu_valu": 53817, "bound": 897, "arithmetic_bound": 897, "table_bundles": 11264, "table_case_bundles": 10368, "static_padding_bundles": 909, "regions": 43, "values": 8458}
{"candidate": 5, "trial": 26, "cycles": 972, "static_bundles": 11905, "scratch_words": 1536, "allocation_policy": "lanes-3", "lane_live_peak": 1343, "engines": {"valu": 5383, "load": 1794, "alu": 10761, "store": 1006, "flow": 874}, "weighted_alu_valu": 53825, "bound": 898, "arithmetic_bound": 898, "table_bundles": 11264, "table_case_bundles": 10368, "static_padding_bundles": 909, "regions": 43, "values": 8458}
{"candidate": 7, "trial": 20, "cycles": 999, "static_bundles": 11932, "scratch_words": 1536, "allocation_policy": "lanes-2", "lane_live_peak": 1292, "engines": {"valu": 5383, "load": 1793, "alu": 10761, "store": 998, "flow": 874}, "weighted_alu_valu": 53825, "bound": 898, "arithmetic_bound": 898, "table_bundles": 11264, "table_case_bundles": 10368, "static_padding_bundles": 909, "regions": 43, "values": 8458}
{"candidate": 5, "trial": 27, "cycles": 971, "static_bundles": 11904, "scratch_words": 1536, "allocation_policy": "lanes-3", "lane_live_peak": 1327, "engines": {"valu": 5383, "load": 1794, "alu": 10761, "store": 1006, "flow": 874}, "weighted_alu_valu": 53825, "bound": 898, "arithmetic_bound": 898, "table_bundles": 11264, "table_case_bundles": 10368, "static_padding_bundles": 909, "regions": 43, "values": 8458}
{"candidate": 9, "trial": 12, "cycles": 967, "static_bundles": 11900, "scratch_words": 1536, "allocation_policy": "lanes-2", "lane_live_peak": 1318, "engines": {"valu": 5383, "load": 1793, "alu": 10761, "store": 998, "flow": 874}, "weighted_alu_valu": 53825, "bound": 898, "arithmetic_bound": 898, "table_bundles": 11264, "table_case_bundles": 10368, "static_padding_bundles": 909, "regions": 43, "values": 8458}
RESULT [(9, 967), (1, 970), (5, 971), (0, 975), (7, 999), (2, 100000), (3, 100000), (4, 100000), (6, 100000), (8, 100000), (10, 100000)]
